1:64
0:0
0:0
14:10
1:9
0:0
0:0
0:0
0:0
0:0
0:0
0:0
0:0
0:0
0:0
0:0
0:0
0:0
0:0
0:0
0:0
0:0
0:0
0:0
0:0
0:0
0:0
